(TranslationUnit (SymbolTable 1 {_lpython_main_program: (Subroutine (SymbolTable 4 {}) _lpython_main_program [] [(SubroutineCall 1 test_len () [] ())] Source Public Implementation () .false. .false.), main_program: (Program (SymbolTable 3 {}) main_program [] [(SubroutineCall 1 _lpython_main_program () [] ())]), test_len: (Subroutine (SymbolTable 2 {i: (Variable 2 i Local () () Default (Integer 4 []) Source Public Required .false.), s: (Variable 2 s Local () () Default (Character 1 -2 () []) Source Public Required .false.), t: (Variable 2 t Local () () Default (Character 1 -2 () []) Source Public Required .false.)}) test_len [] [(= (Var 2 s) (StringConstant "abcd" (Character 1 4 () [])) ()) (Assert (Compare (StringLen (Var 2 s) (Integer 4 []) ()) Eq (IntegerConstant 4 (Integer 4 [])) (Logical 4 []) () ()) ()) (= (Var 2 s) (StringConstant "" (Character 1 0 () [])) ()) (Assert (Compare (StringLen (Var 2 s) (Integer 4 []) ()) Eq (IntegerConstant 0 (Integer 4 [])) (Logical 4 []) () ()) ()) (Assert (Compare (StringLen (StringConstant "abcd" (Character 1 4 () [])) (Integer 4 []) (IntegerConstant 4 (Integer 4 []))) Eq (IntegerConstant 4 (Integer 4 [])) (Logical 4 []) (LogicalConstant .true. (Logical 4 [])) ()) ()) (Assert (Compare (StringLen (StringConstant "" (Character 1 0 () [])) (Integer 4 []) (IntegerConstant 0 (Integer 4 []))) Eq (IntegerConstant 0 (Integer 4 [])) (Logical 4 []) (LogicalConstant .true. (Logical 4 [])) ()) ()) (= (Var 2 t) (StringConstant "efg" (Character 1 3 () [])) ()) (= (Var 2 s) (StrOp (StringConstant "abcd" (Character 1 4 () [])) Concat (Var 2 t) (Character 1 2 () []) ()) ()) (= (Var 2 i) (StringLen (Var 2 s) (Integer 4 []) ()) ()) (Assert (Compare (Var 2 i) Eq (IntegerConstant 7 (Integer 4 [])) (Logical 4 []) () ()) ()) (= (Var 2 i) (StringLen (StrOp (StringConstant "abc" (Character 1 3 () [])) Concat (StringConstant "def" (Character 1 3 () [])) (Character 1 6 () []) (StringConstant "abcdef" (Character 1 6 () []))) (Integer 4 []) (IntegerConstant 6 (Integer 4 []))) ()) (Assert (Compare (Var 2 i) Eq (IntegerConstant 6 (Integer 4 [])) (Logical 4 []) () ()) ())] Source Public Implementation () .false. .false.)}) [])
